{"logTime": "0510/183347", "correlationVector":"EhbPHcYoxLRQO8tWBDMz1n.1","action":"SyncServerConnectionManagerRequest", "result":"SYNC_SERVER_OK", "context":{"environment":"Prod_southindia_prod-s01-004-apac-southindia", "migrationStage":"NotStarted", "server":"akswtt10400000w"}}
{"logTime": "0510/183347", "correlationVector":"EhbPHcYoxLRQO8tWBDMz1n.2","action":"ProcessGetUpdates", "result":"Done", "context":{"dataType":"Encryption Keys", "deleted":"0", "process_failed_to_decrypt":"0", "process_pending_decryption":"0", "process_success":"1", "total":"1"}}
{"logTime": "0510/183348", "correlationVector":"1InAZHFh/U3JCd5O5TbPTw","action":"SyncServerConnectionManagerRequest", "result":"SYNC_SERVER_OK", "context":{"environment":"", "migrationStage":"", "server":""}}
{"logTime": "0510/183348", "correlationVector":"1InAZHFh/U3JCd5O5TbPTw.0","action":"EncryptionKeysFetcher.DownloadKeys:", "result":"Success", "context":Key count: 5, Last key timestamp: 2026-02-05T01:34:18Z}
{"logTime": "0510/183348", "correlationVector":"1InAZHFh/U3JCd5O5TbPTw.1","action":"EncryptionKeysManager::SetEncryptionKeys:", "result":"Success", "context":Key names[5]:[Z/4j1un03jQuSDtzbl5fiWO5z/aumvnmeLHxgMjUsQyQw5KPGp7lm4pnYxlmwff1jrTF08HsqkbNSbtM+eiWCQ==][LAkUaSL4KaEzNImgTetbX/gUGsOCqu5l7qS/nAJNxdiy7XYzrKcOwlf+TzVS8g3AeIMRSKDVzbrUr+tBwaP/VQ==][Ad1JUT0hHbSsBU5Lx+7fakqd6ghvgPe2RhHvy/IH8udmPwVRv5F8eYgU9gtX8LF+i9ZmaMfYlDHXO190jXpTIA==][uOqP1voXX6+HYEQ+Q6ErkCs3TCjGnxFj1lvsnx6qzHv2mnQbAM8JEaukvBJdw+2ieUOzoqssr8Z8aQMkht/Pvw==][Iq0jXrAj2+e+Rho31Mt38+Q8tE2bZ0S+yCppXDY120dbcQ7reGLWFUH5rg1nny+MplnAeBwrJqcbsXzWcKuBbA==]}
{"logTime": "0510/183348", "correlationVector":"1InAZHFh/U3JCd5O5TbPTw.2","action":"EncryptionKeysManager::SetEncryptionKeysWithTimestamps:", "result":"Success", "context":Key timestamps[5]:[2021-03-16T21:26:08Z][2021-07-12T05:09:10Z][2021-08-09T20:31:35Z][2021-09-06T14:00:39Z][2026-02-05T01:34:18Z]}
{"logTime": "0510/183348", "correlationVector":"EhbPHcYoxLRQO8tWBDMz1n","action":"Initial GetUpdates", "result":"", "context":Reason: NEW_CLIENT. cV=EhbPHcYoxLRQO8tWBDMz1n}
{"logTime": "0510/183348", "correlationVector":"EhbPHcYoxLRQO8tWBDMz1n.3","action":"GetUpdates Response", "result":"Success", "context":Received 1 update(s). cV=EhbPHcYoxLRQO8tWBDMz1n.0;server=akswtt10400000w;cloudType=Consumer;environment=Prod_southindia_prod-s01-004-apac-southindia;migrationStage=NotStarted}
{"logTime": "0510/183348", "correlationVector":"RkRUVsvCwJVY3kiCUYsb+v","action":"Initial GetUpdates", "result":"", "context":Reason: NEWLY_SUPPORTED_DATATYPE. cV=RkRUVsvCwJVY3kiCUYsb+v}
{"logTime": "0510/183348", "correlationVector":"RkRUVsvCwJVY3kiCUYsb+v.1","action":"SyncServerConnectionManagerRequest", "result":"SYNC_SERVER_OK", "context":{"environment":"Prod_southindia_prod-s01-004-apac-southindia", "migrationStage":"NotStarted", "server":"akswtt10400000t"}}
{"logTime": "0510/183348", "correlationVector":"RkRUVsvCwJVY3kiCUYsb+v.2","action":"ProcessGetUpdates", "result":"Done", "context":{"dataType":"Preferences", "deleted":"0", "process_failed_to_decrypt":"0", "process_pending_decryption":"0", "process_success":"57", "total":"57"}}
{"logTime": "0510/183348", "correlationVector":"RkRUVsvCwJVY3kiCUYsb+v.3","action":"ProcessGetUpdates", "result":"Done", "context":{"dataType":"Passwords", "deleted":"0", "process_failed_to_decrypt":"0", "process_pending_decryption":"0", "process_success":"12", "total":"12"}}
{"logTime": "0510/183348", "correlationVector":"RkRUVsvCwJVY3kiCUYsb+v.4","action":"ProcessGetUpdates", "result":"Done", "context":{"dataType":"Device Info", "deleted":"0", "process_failed_to_decrypt":"0", "process_pending_decryption":"0", "process_success":"4", "total":"4"}}
{"logTime": "0510/183348", "correlationVector":"RkRUVsvCwJVY3kiCUYsb+v.5","action":"GetUpdates Response", "result":"Success", "context":Received 73 update(s). cV=RkRUVsvCwJVY3kiCUYsb+v.0;server=akswtt10400000t;cloudType=Consumer;environment=Prod_southindia_prod-s01-004-apac-southindia;migrationStage=NotStarted}
{"logTime": "0510/183348", "correlationVector":"qfVWKMJUNq+l8Wj69M+Uj4","action":"Initial GetUpdates", "result":"", "context":Reason: NEWLY_SUPPORTED_DATATYPE. cV=qfVWKMJUNq+l8Wj69M+Uj4}
{"logTime": "0510/183348", "correlationVector":"qfVWKMJUNq+l8Wj69M+Uj4.1","action":"SyncServerConnectionManagerRequest", "result":"SYNC_SERVER_OK", "context":{"environment":"Prod_southindia_prod-s01-004-apac-southindia", "migrationStage":"NotStarted", "server":"akswtt104000008"}}
{"logTime": "0510/183348", "correlationVector":"qfVWKMJUNq+l8Wj69M+Uj4.2","action":"ProcessGetUpdates", "result":"Done", "context":{"dataType":"Bookmarks", "deleted":"0", "process_failed_to_decrypt":"0", "process_pending_decryption":"0", "process_success":"9", "total":"9"}}
{"logTime": "0510/183348", "correlationVector":"qfVWKMJUNq+l8Wj69M+Uj4.3","action":"GetUpdates Response", "result":"Success", "context":Received 9 update(s). cV=qfVWKMJUNq+l8Wj69M+Uj4.0;server=akswtt104000008;cloudType=Consumer;environment=Prod_southindia_prod-s01-004-apac-southindia;migrationStage=NotStarted}
{"logTime": "0510/183348", "correlationVector":"+jAUQSPl5r6TnlwpwvhJfx","action":"Initial GetUpdates", "result":"", "context":Reason: NEWLY_SUPPORTED_DATATYPE. cV=+jAUQSPl5r6TnlwpwvhJfx}
{"logTime": "0510/183349", "correlationVector":"+jAUQSPl5r6TnlwpwvhJfx.1","action":"SyncServerConnectionManagerRequest", "result":"SYNC_SERVER_OK", "context":{"environment":"Prod_southindia_prod-s01-004-apac-southindia", "migrationStage":"NotStarted", "server":"akswtt10400000i"}}
{"logTime": "0510/183349", "correlationVector":"+jAUQSPl5r6TnlwpwvhJfx.2","action":"ProcessGetUpdates", "result":"Done", "context":{"dataType":"Autofill Profiles", "deleted":"0", "process_failed_to_decrypt":"0", "process_pending_decryption":"0", "process_success":"3", "total":"3"}}
{"logTime": "0510/183349", "correlationVector":"+jAUQSPl5r6TnlwpwvhJfx.3","action":"ProcessGetUpdates", "result":"Done", "context":{"dataType":"Autofill", "deleted":"0", "process_failed_to_decrypt":"0", "process_pending_decryption":"0", "process_success":"48", "total":"48"}}
{"logTime": "0510/183349", "correlationVector":"+jAUQSPl5r6TnlwpwvhJfx.4","action":"ProcessGetUpdates", "result":"Done", "context":{"dataType":"Sessions", "deleted":"115", "process_failed_to_decrypt":"0", "process_pending_decryption":"0", "process_success":"118", "total":"118"}}
{"logTime": "0510/183349", "correlationVector":"+jAUQSPl5r6TnlwpwvhJfx.5","action":"ProcessGetUpdates", "result":"Done", "context":{"dataType":"Edge Hub App Usage", "deleted":"0", "process_failed_to_decrypt":"0", "process_pending_decryption":"0", "process_success":"2", "total":"2"}}
{"logTime": "0510/183349", "correlationVector":"+jAUQSPl5r6TnlwpwvhJfx.6","action":"GetUpdates Response", "result":"Success", "context":Received 171 update(s). cV=+jAUQSPl5r6TnlwpwvhJfx.0;server=akswtt10400000i;cloudType=Consumer;environment=Prod_southindia_prod-s01-004-apac-southindia;migrationStage=NotStarted}
{"logTime": "0510/183349", "correlationVector":"nPv9gw1tby1MJkFutVP8zM","action":"Initial GetUpdates", "result":"", "context":Reason: NEWLY_SUPPORTED_DATATYPE. cV=nPv9gw1tby1MJkFutVP8zM}
{"logTime": "0510/183349", "correlationVector":"nPv9gw1tby1MJkFutVP8zM.1","action":"SyncServerConnectionManagerRequest", "result":"SYNC_SERVER_OK", "context":{"environment":"Prod_southindia_prod-s01-004-apac-southindia", "migrationStage":"NotStarted", "server":"akswtt10400000j"}}
{"logTime": "0510/183349", "correlationVector":"nPv9gw1tby1MJkFutVP8zM.2","action":"GetUpdates Response", "result":"Success", "context":Received 0 update(s). cV=nPv9gw1tby1MJkFutVP8zM.0;server=akswtt10400000j;cloudType=Consumer;environment=Prod_southindia_prod-s01-004-apac-southindia;migrationStage=NotStarted}
{"logTime": "0510/183349", "correlationVector":"PliXNE+Vq2kKXU66fKTWvM","action":"Normal GetUpdate request", "result":"", "context":cV=PliXNE+Vq2kKXU66fKTWvM
Nudged types: Sessions, Device Info, User Consents
Refresh requested types: Bookmarks, Preferences, Passwords, Autofill Profiles, Autofill, Extensions, Sessions, Extension settings, History Delete Directives, Device Info, User Consents, Send Tab To Self, Web Apps, History, Saved Tab Group, WebAuthn Credentials, Collection, Edge E Drop, Edge Hub App Usage, Edge Wallet, Encryption Keys}
{"logTime": "0510/183350", "correlationVector":"PliXNE+Vq2kKXU66fKTWvM.1","action":"SyncServerConnectionManagerRequest", "result":"SYNC_SERVER_OK", "context":{"environment":"Prod_southindia_prod-s01-004-apac-southindia", "migrationStage":"NotStarted", "server":"akswtt104000011"}}
{"logTime": "0510/183350", "correlationVector":"PliXNE+Vq2kKXU66fKTWvM.2","action":"GetUpdates Response", "result":"Success", "context":Received 0 update(s). cV=PliXNE+Vq2kKXU66fKTWvM.0;server=akswtt104000011;cloudType=Consumer;environment=Prod_southindia_prod-s01-004-apac-southindia;migrationStage=NotStarted}
{"logTime": "0510/183350", "correlationVector":"69057hQrGful/nECtuqZub","action":"DoCompareDataConsistency requsted types: ", "result":"Bookmarks, Preferences, Passwords, Extensions, Extension settings, History Delete Directives, Send Tab To Self, Web Apps, History, Saved Tab Group, WebAuthn Credentials, Collection, Edge E Drop, Edge Wallet, Encryption Keys"}
{"logTime": "0510/183350", "correlationVector":"69057hQrGful/nECtuqZub.0","action":"CompareDataConsistency result: ", "result":"Compare result: Encryption Keys is consistent. local entities count is: 1 local entities hash is: n6zKNinajm0RUwZx0J+isWKHXFg="}
{"logTime": "0510/183350", "correlationVector":"69057hQrGful/nECtuqZub.1","action":"CompareDataConsistency result: ", "result":"Compare result: Bookmarks is consistent. local entities count is: 3 local entities hash is: lM3wt+J8AeVxv2yvDraly6dFFWM="}
{"logTime": "0510/183350", "correlationVector":"69057hQrGful/nECtuqZub.2","action":"CompareDataConsistency result: ", "result":"Compare result: Preferences is consistent. local entities count is: 57 local entities hash is: VBc6UwCO+WGjKi2mVzh6Xaaygso="}
{"logTime": "0510/183350", "correlationVector":"69057hQrGful/nECtuqZub.3","action":"CompareDataConsistency result: ", "result":"Compare result: Extensions is consistent. local entities count is: 0 local entities hash is: "}
{"logTime": "0510/183350", "correlationVector":"69057hQrGful/nECtuqZub.4","action":"CompareDataConsistency result: ", "result":"Compare result: Extension settings is consistent. local entities count is: 0 local entities hash is: "}
{"logTime": "0510/183350", "correlationVector":"69057hQrGful/nECtuqZub.5","action":"CompareDataConsistency result: ", "result":"Compare result: History Delete Directives is consistent. local entities count is: 0 local entities hash is: "}
{"logTime": "0510/183350", "correlationVector":"69057hQrGful/nECtuqZub.6","action":"CompareDataConsistency result: ", "result":"Server did not send this Send Tab To Self local entities count is: 0 local entities hash is: "}
{"logTime": "0510/183350", "correlationVector":"69057hQrGful/nECtuqZub.7","action":"CompareDataConsistency result: ", "result":"Compare result: Web Apps is consistent. local entities count is: 0 local entities hash is: "}
{"logTime": "0510/183350", "correlationVector":"69057hQrGful/nECtuqZub.8","action":"CompareDataConsistency result: ", "result":"Server did not send this History local entities count is: 0 local entities hash is: "}
{"logTime": "0510/183350", "correlationVector":"69057hQrGful/nECtuqZub.9","action":"CompareDataConsistency result: ", "result":"Compare result: Saved Tab Group is consistent. local entities count is: 0 local entities hash is: "}
{"logTime": "0510/183350", "correlationVector":"69057hQrGful/nECtuqZub.10","action":"CompareDataConsistency result: ", "result":"Server did not send this WebAuthn Credentials local entities count is: 0 local entities hash is: "}
{"logTime": "0510/183350", "correlationVector":"69057hQrGful/nECtuqZub.11","action":"CompareDataConsistency result: ", "result":"Compare result: Collection is consistent. local entities count is: 0 local entities hash is: "}
{"logTime": "0510/183350", "correlationVector":"69057hQrGful/nECtuqZub.12","action":"CompareDataConsistency result: ", "result":"Compare result: Edge E Drop is consistent. local entities count is: 0 local entities hash is: "}
{"logTime": "0510/183350", "correlationVector":"69057hQrGful/nECtuqZub.13","action":"CompareDataConsistency result: ", "result":"Compare result: Edge Wallet is consistent. local entities count is: 0 local entities hash is: "}
{"logTime": "0510/183350", "correlationVector":"69057hQrGful/nECtuqZub.14","action":"CompareDataConsistency result: ", "result":"Compare result: Passwords is consistent. local entities count is: 12 local entities hash is: G8p1VRv689+EKie8K3FBo479Pu4="}
{"logTime": "0510/183350", "correlationVector":"kd15OBKo2BqwEAFkkUnCYW","action":"Commit Request", "result":"", "context":Item count: 6
Contributing types: Sessions, Device Info, User Consents, Edge Hub App Usage}
{"logTime": "0510/183351", "correlationVector":"kd15OBKo2BqwEAFkkUnCYW.1","action":"SyncServerConnectionManagerRequest", "result":"SYNC_SERVER_OK", "context":{"environment":"Prod_southindia_prod-s01-004-apac-southindia", "migrationStage":"NotStarted", "server":"akswtt10400000k"}}
{"logTime": "0510/183351", "correlationVector":"kd15OBKo2BqwEAFkkUnCYW.2","action":"Commit Response", "result":"Success", "context":Result: Success. cV=kd15OBKo2BqwEAFkkUnCYW.0;server=akswtt10400000k;cloudType=Consumer;environment=Prod_southindia_prod-s01-004-apac-southindia;migrationStage=NotStarted}
{"logTime": "0510/183351", "correlationVector":"","action":"DIAGNOSTIC_REQUEST|v1/diagnosticData/Diagnostic.SendCheckResult()|SUCCESS", "result":""}
{"logTime": "0510/183351", "correlationVector":"dRKiDZdWHpILmqxsWxtaQs","action":"Commit Request", "result":"", "context":Item count: 3
Contributing types: Sessions, User Consents, History}
{"logTime": "0510/183352", "correlationVector":"dRKiDZdWHpILmqxsWxtaQs.1","action":"SyncServerConnectionManagerRequest", "result":"SYNC_SERVER_OK", "context":{"environment":"Prod_southindia_prod-s01-004-apac-southindia", "migrationStage":"NotStarted", "server":"akswtt10400001i"}}
{"logTime": "0510/183352", "correlationVector":"dRKiDZdWHpILmqxsWxtaQs.2","action":"Commit Response", "result":"Success", "context":Result: Success. cV=dRKiDZdWHpILmqxsWxtaQs.0;server=akswtt10400001i;cloudType=Consumer;environment=Prod_southindia_prod-s01-004-apac-southindia;migrationStage=NotStarted}
{"logTime": "0510/183446", "correlationVector":"RJsjcXo55upVJt1CJsphXB","action":"Commit Request", "result":"", "context":Item count: 12
Contributing types: Passwords}
{"logTime": "0510/183457", "correlationVector":"RJsjcXo55upVJt1CJsphXB.1","action":"SyncServerConnectionManagerRequest", "result":"SYNC_SERVER_OK", "context":{"environment":"Prod_southindia_prod-s01-004-apac-southindia", "migrationStage":"NotStarted", "server":"akswtt10400000u"}}
{"logTime": "0510/183457", "correlationVector":"RJsjcXo55upVJt1CJsphXB.2","action":"Commit Response", "result":"Success", "context":Result: Success. cV=RJsjcXo55upVJt1CJsphXB.0;server=akswtt10400000u;cloudType=Consumer;environment=Prod_southindia_prod-s01-004-apac-southindia;migrationStage=NotStarted}
{"logTime": "0510/183457", "correlationVector":"8GuW64M4iPJrEFY3HnPMAg","action":"Normal GetUpdate request", "result":"", "context":cV=8GuW64M4iPJrEFY3HnPMAg
Notified types: Device Info, History, Edge Hub App Usage}
{"logTime": "0510/183457", "correlationVector":"8GuW64M4iPJrEFY3HnPMAg.1","action":"SyncServerConnectionManagerRequest", "result":"SYNC_SERVER_OK", "context":{"environment":"Prod_southindia_prod-s01-004-apac-southindia", "migrationStage":"NotStarted", "server":"akswtt10400000x"}}
{"logTime": "0510/183457", "correlationVector":"8GuW64M4iPJrEFY3HnPMAg.2","action":"ProcessGetUpdates", "result":"Done", "context":{"dataType":"Passwords", "deleted":"0", "process_failed_to_decrypt":"0", "process_pending_decryption":"0", "process_success":"12", "total":"12"}}
{"logTime": "0510/183457", "correlationVector":"8GuW64M4iPJrEFY3HnPMAg.3","action":"ProcessGetUpdates", "result":"Done", "context":{"dataType":"Sessions", "deleted":"0", "process_failed_to_decrypt":"0", "process_pending_decryption":"0", "process_success":"9", "total":"9"}}
{"logTime": "0510/183457", "correlationVector":"8GuW64M4iPJrEFY3HnPMAg.4","action":"ProcessGetUpdates", "result":"Done", "context":{"dataType":"Device Info", "deleted":"0", "process_failed_to_decrypt":"0", "process_pending_decryption":"0", "process_success":"2", "total":"2"}}
{"logTime": "0510/183457", "correlationVector":"8GuW64M4iPJrEFY3HnPMAg.5","action":"ProcessGetUpdates", "result":"Done", "context":{"dataType":"History", "deleted":"0", "process_failed_to_decrypt":"0", "process_pending_decryption":"0", "process_success":"2", "total":"2"}}
{"logTime": "0510/183457", "correlationVector":"8GuW64M4iPJrEFY3HnPMAg.6","action":"ProcessGetUpdates", "result":"Done", "context":{"dataType":"Edge Hub App Usage", "deleted":"0", "process_failed_to_decrypt":"0", "process_pending_decryption":"0", "process_success":"3", "total":"3"}}
{"logTime": "0510/183457", "correlationVector":"8GuW64M4iPJrEFY3HnPMAg.7","action":"GetUpdates Response", "result":"Success", "context":Received 28 update(s). cV=8GuW64M4iPJrEFY3HnPMAg.0;server=akswtt10400000x;cloudType=Consumer;environment=Prod_southindia_prod-s01-004-apac-southindia;migrationStage=NotStarted}
{"logTime": "0510/183459", "correlationVector":"Ea1bGBVyOxnssrSAx5ElYm","action":"Normal GetUpdate request", "result":"", "context":cV=Ea1bGBVyOxnssrSAx5ElYm
Notified types: History}
{"logTime": "0510/183459", "correlationVector":"Ea1bGBVyOxnssrSAx5ElYm.1","action":"SyncServerConnectionManagerRequest", "result":"SYNC_SERVER_OK", "context":{"environment":"Prod_southindia_prod-s01-004-apac-southindia", "migrationStage":"NotStarted", "server":"akswtt10400000f"}}
{"logTime": "0510/183459", "correlationVector":"Ea1bGBVyOxnssrSAx5ElYm.2","action":"ProcessGetUpdates", "result":"Done", "context":{"dataType":"Sessions", "deleted":"0", "process_failed_to_decrypt":"0", "process_pending_decryption":"0", "process_success":"1", "total":"1"}}
{"logTime": "0510/183459", "correlationVector":"Ea1bGBVyOxnssrSAx5ElYm.3","action":"ProcessGetUpdates", "result":"Done", "context":{"dataType":"History", "deleted":"0", "process_failed_to_decrypt":"0", "process_pending_decryption":"0", "process_success":"6", "total":"6"}}
{"logTime": "0510/183459", "correlationVector":"Ea1bGBVyOxnssrSAx5ElYm.4","action":"GetUpdates Response", "result":"Success", "context":Received 7 update(s). cV=Ea1bGBVyOxnssrSAx5ElYm.0;server=akswtt10400000f;cloudType=Consumer;environment=Prod_southindia_prod-s01-004-apac-southindia;migrationStage=NotStarted}
{"logTime": "0510/183550", "correlationVector":"9AkaRZYQj2fdGAkU0UX3d4","action":"Normal GetUpdate request", "result":"", "context":cV=9AkaRZYQj2fdGAkU0UX3d4
Notified types: Passwords}
{"logTime": "0510/183550", "correlationVector":"9AkaRZYQj2fdGAkU0UX3d4.1","action":"SyncServerConnectionManagerRequest", "result":"SYNC_SERVER_OK", "context":{"environment":"Prod_southindia_prod-s01-004-apac-southindia", "migrationStage":"NotStarted", "server":"akswtt104000011"}}
{"logTime": "0510/183550", "correlationVector":"9AkaRZYQj2fdGAkU0UX3d4.2","action":"ProcessGetUpdates", "result":"Done", "context":{"dataType":"Passwords", "deleted":"0", "process_failed_to_decrypt":"0", "process_pending_decryption":"0", "process_success":"12", "total":"12"}}
{"logTime": "0510/183550", "correlationVector":"9AkaRZYQj2fdGAkU0UX3d4.3","action":"GetUpdates Response", "result":"Success", "context":Received 12 update(s). cV=9AkaRZYQj2fdGAkU0UX3d4.0;server=akswtt104000011;cloudType=Consumer;environment=Prod_southindia_prod-s01-004-apac-southindia;migrationStage=NotStarted}
{"logTime": "0510/183643", "correlationVector":"OQpvewqAGj8uc5zIoCobJn","action":"Normal GetUpdate request", "result":"", "context":cV=OQpvewqAGj8uc5zIoCobJn
Notified types: History}
{"logTime": "0510/183643", "correlationVector":"OQpvewqAGj8uc5zIoCobJn.1","action":"SyncServerConnectionManagerRequest", "result":"SYNC_SERVER_OK", "context":{"environment":"Prod_southindia_prod-s01-004-apac-southindia", "migrationStage":"NotStarted", "server":"akswtt10400000b"}}
{"logTime": "0510/183643", "correlationVector":"OQpvewqAGj8uc5zIoCobJn.2","action":"ProcessGetUpdates", "result":"Done", "context":{"dataType":"Sessions", "deleted":"1", "process_failed_to_decrypt":"0", "process_pending_decryption":"0", "process_success":"3", "total":"3"}}
{"logTime": "0510/183643", "correlationVector":"OQpvewqAGj8uc5zIoCobJn.3","action":"ProcessGetUpdates", "result":"Done", "context":{"dataType":"History", "deleted":"0", "process_failed_to_decrypt":"0", "process_pending_decryption":"0", "process_success":"1", "total":"1"}}
{"logTime": "0510/183643", "correlationVector":"OQpvewqAGj8uc5zIoCobJn.4","action":"GetUpdates Response", "result":"Success", "context":Received 4 update(s). cV=OQpvewqAGj8uc5zIoCobJn.0;server=akswtt10400000b;cloudType=Consumer;environment=Prod_southindia_prod-s01-004-apac-southindia;migrationStage=NotStarted}
{"logTime": "0510/183714", "correlationVector":"JSa/hQf2HjJD7fDPRdEgOX","action":"Normal GetUpdate request", "result":"", "context":cV=JSa/hQf2HjJD7fDPRdEgOX
Notified types: Preferences, History}
{"logTime": "0510/183714", "correlationVector":"JSa/hQf2HjJD7fDPRdEgOX.1","action":"SyncServerConnectionManagerRequest", "result":"SYNC_SERVER_OK", "context":{"environment":"Prod_southindia_prod-s01-004-apac-southindia", "migrationStage":"NotStarted", "server":"akswtt10400001m"}}
{"logTime": "0510/183714", "correlationVector":"JSa/hQf2HjJD7fDPRdEgOX.2","action":"ProcessGetUpdates", "result":"Done", "context":{"dataType":"Preferences", "deleted":"0", "process_failed_to_decrypt":"0", "process_pending_decryption":"0", "process_success":"1", "total":"1"}}
{"logTime": "0510/183714", "correlationVector":"JSa/hQf2HjJD7fDPRdEgOX.3","action":"ProcessGetUpdates", "result":"Done", "context":{"dataType":"Sessions", "deleted":"0", "process_failed_to_decrypt":"0", "process_pending_decryption":"0", "process_success":"1", "total":"1"}}
{"logTime": "0510/183714", "correlationVector":"JSa/hQf2HjJD7fDPRdEgOX.4","action":"ProcessGetUpdates", "result":"Done", "context":{"dataType":"History", "deleted":"0", "process_failed_to_decrypt":"0", "process_pending_decryption":"0", "process_success":"1", "total":"1"}}
{"logTime": "0510/183714", "correlationVector":"JSa/hQf2HjJD7fDPRdEgOX.5","action":"GetUpdates Response", "result":"Success", "context":Received 3 update(s). cV=JSa/hQf2HjJD7fDPRdEgOX.0;server=akswtt10400001m;cloudType=Consumer;environment=Prod_southindia_prod-s01-004-apac-southindia;migrationStage=NotStarted}
{"logTime": "0510/183845", "correlationVector":"gNf89K/LIkqQjbziyWLU4H","action":"Normal GetUpdate request", "result":"", "context":cV=gNf89K/LIkqQjbziyWLU4H
Notified types: Bookmarks}
{"logTime": "0510/183845", "correlationVector":"gNf89K/LIkqQjbziyWLU4H.1","action":"SyncServerConnectionManagerRequest", "result":"SYNC_SERVER_OK", "context":{"environment":"Prod_southindia_prod-s01-004-apac-southindia", "migrationStage":"NotStarted", "server":"akswtt10400000p"}}
{"logTime": "0510/183845", "correlationVector":"gNf89K/LIkqQjbziyWLU4H.2","action":"ProcessGetUpdates", "result":"Done", "context":{"dataType":"Bookmarks", "deleted":"0", "process_failed_to_decrypt":"0", "process_pending_decryption":"0", "process_success":"1", "total":"1"}}
{"logTime": "0510/183845", "correlationVector":"gNf89K/LIkqQjbziyWLU4H.3","action":"ProcessGetUpdates", "result":"Done", "context":{"dataType":"Sessions", "deleted":"0", "process_failed_to_decrypt":"0", "process_pending_decryption":"0", "process_success":"1", "total":"1"}}
{"logTime": "0510/183845", "correlationVector":"gNf89K/LIkqQjbziyWLU4H.4","action":"GetUpdates Response", "result":"Success", "context":Received 2 update(s). cV=gNf89K/LIkqQjbziyWLU4H.0;server=akswtt10400000p;cloudType=Consumer;environment=Prod_southindia_prod-s01-004-apac-southindia;migrationStage=NotStarted}
{"logTime": "0510/183935", "correlationVector":"mEJHuTDQjStmQv8LrGG0H5","action":"Normal GetUpdate request", "result":"", "context":cV=mEJHuTDQjStmQv8LrGG0H5
Notified types: History}
{"logTime": "0510/183935", "correlationVector":"mEJHuTDQjStmQv8LrGG0H5.1","action":"SyncServerConnectionManagerRequest", "result":"SYNC_SERVER_OK", "context":{"environment":"Prod_southindia_prod-s01-004-apac-southindia", "migrationStage":"NotStarted", "server":"akswtt10400001i"}}
{"logTime": "0510/183935", "correlationVector":"mEJHuTDQjStmQv8LrGG0H5.2","action":"ProcessGetUpdates", "result":"Done", "context":{"dataType":"Sessions", "deleted":"1", "process_failed_to_decrypt":"0", "process_pending_decryption":"0", "process_success":"3", "total":"3"}}
{"logTime": "0510/183935", "correlationVector":"mEJHuTDQjStmQv8LrGG0H5.3","action":"ProcessGetUpdates", "result":"Done", "context":{"dataType":"History", "deleted":"0", "process_failed_to_decrypt":"0", "process_pending_decryption":"0", "process_success":"1", "total":"1"}}
{"logTime": "0510/183935", "correlationVector":"mEJHuTDQjStmQv8LrGG0H5.4","action":"GetUpdates Response", "result":"Success", "context":Received 4 update(s). cV=mEJHuTDQjStmQv8LrGG0H5.0;server=akswtt10400001i;cloudType=Consumer;environment=Prod_southindia_prod-s01-004-apac-southindia;migrationStage=NotStarted}
{"logTime": "0510/183936", "correlationVector":"9/0cdHXJRApv0mv7mh8u5L","action":"Normal GetUpdate request", "result":"", "context":cV=9/0cdHXJRApv0mv7mh8u5L
Notified types: History}
{"logTime": "0510/183936", "correlationVector":"9/0cdHXJRApv0mv7mh8u5L.1","action":"SyncServerConnectionManagerRequest", "result":"SYNC_SERVER_OK", "context":{"environment":"Prod_southindia_prod-s01-004-apac-southindia", "migrationStage":"NotStarted", "server":"akswtt10400000i"}}
{"logTime": "0510/183936", "correlationVector":"9/0cdHXJRApv0mv7mh8u5L.2","action":"ProcessGetUpdates", "result":"Done", "context":{"dataType":"Sessions", "deleted":"1", "process_failed_to_decrypt":"0", "process_pending_decryption":"0", "process_success":"2", "total":"2"}}
{"logTime": "0510/183936", "correlationVector":"9/0cdHXJRApv0mv7mh8u5L.3","action":"ProcessGetUpdates", "result":"Done", "context":{"dataType":"History", "deleted":"0", "process_failed_to_decrypt":"0", "process_pending_decryption":"0", "process_success":"2", "total":"2"}}
{"logTime": "0510/183936", "correlationVector":"9/0cdHXJRApv0mv7mh8u5L.4","action":"GetUpdates Response", "result":"Success", "context":Received 4 update(s). cV=9/0cdHXJRApv0mv7mh8u5L.0;server=akswtt10400000i;cloudType=Consumer;environment=Prod_southindia_prod-s01-004-apac-southindia;migrationStage=NotStarted}
{"logTime": "0510/183937", "correlationVector":"FmDE458TM7N5rZ4VzbpV53","action":"Normal GetUpdate request", "result":"", "context":cV=FmDE458TM7N5rZ4VzbpV53
Notified types: History}
{"logTime": "0510/183938", "correlationVector":"FmDE458TM7N5rZ4VzbpV53.1","action":"SyncServerConnectionManagerRequest", "result":"SYNC_SERVER_OK", "context":{"environment":"Prod_southindia_prod-s01-004-apac-southindia", "migrationStage":"NotStarted", "server":"akswtt104000015"}}
{"logTime": "0510/183938", "correlationVector":"FmDE458TM7N5rZ4VzbpV53.2","action":"ProcessGetUpdates", "result":"Done", "context":{"dataType":"Sessions", "deleted":"0", "process_failed_to_decrypt":"0", "process_pending_decryption":"0", "process_success":"1", "total":"1"}}
{"logTime": "0510/183938", "correlationVector":"FmDE458TM7N5rZ4VzbpV53.3","action":"ProcessGetUpdates", "result":"Done", "context":{"dataType":"History", "deleted":"0", "process_failed_to_decrypt":"0", "process_pending_decryption":"0", "process_success":"1", "total":"1"}}
{"logTime": "0510/183938", "correlationVector":"FmDE458TM7N5rZ4VzbpV53.4","action":"GetUpdates Response", "result":"Success", "context":Received 2 update(s). cV=FmDE458TM7N5rZ4VzbpV53.0;server=akswtt104000015;cloudType=Consumer;environment=Prod_southindia_prod-s01-004-apac-southindia;migrationStage=NotStarted}
